#-----------------------------------------------------------
# xsim v2018.2 (64-bit)
# SW Build 2258646 on Thu Jun 14 20:02:38 MDT 2018
# IP Build 2256618 on Thu Jun 14 22:10:49 MDT 2018
# Start of session at: Sat Feb 23 18:51:57 2019
# Process ID: 31415
# Current directory: /tigress/gchirkov/aws-fpga/hdk/cl/developer_designs/cl_dram_dma/verif/sim/vivado/test_uart
# Command line: xsim -log test_uart.log -source {xsim.dir/tb/xsim_script.tcl}
# Log file: /tigress/gchirkov/aws-fpga/hdk/cl/developer_designs/cl_dram_dma/verif/sim/vivado/test_uart/test_uart.log
# Journal file: /tigress/gchirkov/aws-fpga/hdk/cl/developer_designs/cl_dram_dma/verif/sim/vivado/test_uart/xsim.jou
#-----------------------------------------------------------
start_gui
source xsim.dir/tb/xsim_script.tcl
open_wave_config /tigress/gchirkov/aws-fpga/hdk/cl/developer_designs/cl_dram_dma/verif/sim/vivado/test_uart/tb.wcfg
current_wave_config {tb.wcfg}
add_wave {{/tb/card/fpga/CL/NOC_REQ_GEN/clk}} {{/tb/card/fpga/CL/NOC_REQ_GEN/rst_n}} {{/tb/card/fpga/CL/NOC_REQ_GEN/noc_out_val}} {{/tb/card/fpga/CL/NOC_REQ_GEN/noc_out_data}} {{/tb/card/fpga/CL/NOC_REQ_GEN/noc_out_rdy}} {{/tb/card/fpga/CL/NOC_REQ_GEN/noc_in_val}} {{/tb/card/fpga/CL/NOC_REQ_GEN/noc_in_data}} {{/tb/card/fpga/CL/NOC_REQ_GEN/noc_in_rdy}} {{/tb/card/fpga/CL/NOC_REQ_GEN/flit_storage}} {{/tb/card/fpga/CL/NOC_REQ_GEN/flit_cnt}} {{/tb/card/fpga/CL/NOC_REQ_GEN/flit_is_sent}} {{/tb/card/fpga/CL/NOC_REQ_GEN/FLIT_NUM}} 
run all
close_sim
