#-----------------------------------------------------------
# Webtalk v2018.2 (64-bit)
# SW Build 2258646 on Thu Jun 14 20:02:38 MDT 2018
# IP Build 2256618 on Thu Jun 14 22:10:49 MDT 2018
# Start of session at: Sat Feb 16 14:38:55 2019
# Process ID: 30724
# Current directory: /tigress/gchirkov/aws-fpga/hdk/cl/developer_designs/cl_dram_dma/verif/sim/vivado/test_dram_dma_axi_mstr
# Command line: wbtcv -mode batch -source /tigress/gchirkov/aws-fpga/hdk/cl/developer_designs/cl_dram_dma/verif/sim/vivado/test_dram_dma_axi_mstr/xsim.dir/tb/webtalk/xsim_webtalk.tcl -notrace
# Log file: /tigress/gchirkov/aws-fpga/hdk/cl/developer_designs/cl_dram_dma/verif/sim/vivado/test_dram_dma_axi_mstr/webtalk.log
# Journal file: /tigress/gchirkov/aws-fpga/hdk/cl/developer_designs/cl_dram_dma/verif/sim/vivado/test_dram_dma_axi_mstr/webtalk.jou
#-----------------------------------------------------------
source /tigress/gchirkov/aws-fpga/hdk/cl/developer_designs/cl_dram_dma/verif/sim/vivado/test_dram_dma_axi_mstr/xsim.dir/tb/webtalk/xsim_webtalk.tcl -notrace
